2026-09-09 19:23:53.409: [INFO] CurrentProfilePath: C:\Users\ADMIN\gitdemoy\.metadata\.plugins\org.eclipse.swt\EBWebView\Default
2026-09-09 19:23:53.410: [INFO] Profiles total count: 1
2026-09-09 19:23:53.410: [INFO] Profile: name=Profile 1 path=C:\Users\ADMIN\gitdemoy\.metadata\.plugins\org.eclipse.swt\EBWebView\Default lastActive=null
2026-09-09 19:23:53.410: [INFO] LastUsedProfileDir: C:\Users\ADMIN\gitdemoy\.metadata\.plugins\org.eclipse.swt\EBWebView\Default
2026-09-09 19:23:53.410: [INFO] OnDoneLoading sync enabled: 0
2026-09-09 19:23:53.410: [INFO] BookmarkModelLoaded, ids_reassigned: 0
2026-09-09 19:23:53.410: [INFO] BookmarksLoadDropped droppedNodes=0
2026-09-09 19:23:53.410: [INFO] BookmarksSnapshot Startup total=0 bar=0 other=0 mobile=0 showBar=0 showBarNTP=1
2026-09-09 19:24:01.042: [INFO] BookmarksSnapshot Shutdown total=0 bar=0 other=0 mobile=0 showBar=0 showBarNTP=1
2026-09-09 19:24:12.922: [INFO] CurrentProfilePath: C:\Users\ADMIN\gitdemoy\.metadata\.plugins\org.eclipse.swt\EBWebView\Default
2026-09-09 19:24:12.922: [INFO] Profiles total count: 1
2026-09-09 19:24:12.922: [INFO] Profile: name=Profile 1 path=C:\Users\ADMIN\gitdemoy\.metadata\.plugins\org.eclipse.swt\EBWebView\Default lastActive=2026-09-09T19:23:55.058Z
2026-09-09 19:24:12.922: [INFO] LastUsedProfileDir: C:\Users\ADMIN\gitdemoy\.metadata\.plugins\org.eclipse.swt\EBWebView\Default
2026-09-09 19:24:12.922: [INFO] MostRecentlyActiveProfile: name=Profile 1 path=C:\Users\ADMIN\gitdemoy\.metadata\.plugins\org.eclipse.swt\EBWebView\Default lastActive=2026-09-09T19:23:55.058Z
2026-09-09 19:24:12.922: [INFO] OnDoneLoading sync enabled: 0
2026-09-09 19:24:12.922: [INFO] BookmarkModelLoaded, ids_reassigned: 0
2026-09-09 19:24:12.922: [INFO] BookmarksLoadDropped droppedNodes=0
2026-09-09 19:24:12.922: [INFO] BookmarksSnapshot Startup total=0 bar=0 other=0 mobile=0 showBar=0 showBarNTP=1
2026-09-09 19:26:20.319: [INFO] BookmarksSnapshot Shutdown total=0 bar=0 other=0 mobile=0 showBar=0 showBarNTP=1
2026-09-09 19:26:47.300: [INFO] CurrentProfilePath: C:\Users\ADMIN\gitdemoy\.metadata\.plugins\org.eclipse.swt\EBWebView\Default
2026-09-09 19:26:47.300: [INFO] Profiles total count: 1
2026-09-09 19:26:47.300: [INFO] Profile: name=Profile 1 path=C:\Users\ADMIN\gitdemoy\.metadata\.plugins\org.eclipse.swt\EBWebView\Default lastActive=2026-09-09T19:23:55.058Z
2026-09-09 19:26:47.300: [INFO] LastUsedProfileDir: C:\Users\ADMIN\gitdemoy\.metadata\.plugins\org.eclipse.swt\EBWebView\Default
2026-09-09 19:26:47.300: [INFO] MostRecentlyActiveProfile: name=Profile 1 path=C:\Users\ADMIN\gitdemoy\.metadata\.plugins\org.eclipse.swt\EBWebView\Default lastActive=2026-09-09T19:23:55.058Z
2026-09-09 19:26:47.300: [INFO] OnDoneLoading sync enabled: 0
2026-09-09 19:26:47.300: [INFO] BookmarkModelLoaded, ids_reassigned: 0
2026-09-09 19:26:47.300: [INFO] BookmarksLoadDropped droppedNodes=0
2026-09-09 19:26:47.300: [INFO] BookmarksSnapshot Startup total=0 bar=0 other=0 mobile=0 showBar=0 showBarNTP=1
2026-09-09 19:30:27.890: [INFO] BookmarksSnapshot Shutdown total=0 bar=0 other=0 mobile=0 showBar=0 showBarNTP=1
